// Jest Snapshot v1, https://goo.gl/fbAQLP

exports[`A FieldSelect 1`] = `
.c4 {
  width: 100%;
  display: -webkit-box;
  display: -webkit-flex;
  display: -ms-flexbox;
  display: flex;
  margin-bottom: 0.5rem;
}

.c5 {
  border: solid 1px;
  border-color: #DEE1E5;
  border-radius: 0.25rem;
  width: 100%;
  padding-right: 0.25rem;
  padding-top: 2px;
  padding-bottom: 2px;
  font-size: 0.875rem;
  -webkit-flex-direction: row-reverse;
  -ms-flex-direction: row-reverse;
  flex-direction: row-reverse;
  display: -webkit-box;
  display: -webkit-flex;
  display: -ms-flexbox;
  display: flex;
}

.c8 {
  color: #707781;
  margin-right: 0.25rem;
  width: 20px;
  height: 20px;
  -webkit-align-items: center;
  -webkit-box-align: center;
  -ms-flex-align: center;
  align-items: center;
  display: -webkit-inline-box;
  display: -webkit-inline-flex;
  display: -ms-inline-flexbox;
  display: inline-flex;
}

.c9 {
  -webkit-align-items: center;
  -webkit-box-align: center;
  -ms-flex-align: center;
  align-items: center;
  background-color: #FFFFFF;
  display: -webkit-inline-box;
  display: -webkit-inline-flex;
  display: -ms-inline-flexbox;
  display: inline-flex;
  height: 36px;
  -webkit-box-pack: space-evenly;
  -webkit-justify-content: space-evenly;
  -ms-flex-pack: space-evenly;
  justify-content: space-evenly;
}

.c9 input {
  border: none;
  background: transparent;
  -webkit-flex: 1;
  -ms-flex: 1;
  flex: 1;
  font-size: 0.875rem;
  height: 100%;
  width: 100%;
  outline: none;
  padding: 0;
}

.c9::-webkit-input-placeholder {
  color: #939BA5;
}

.c9::-moz-placeholder {
  color: #939BA5;
}

.c9:-ms-input-placeholder {
  color: #939BA5;
}

.c9::placeholder {
  color: #939BA5;
}

.c9:hover {
  border-color: #C1C6CC;
}

.c9:focus,
.c9:focus-within {
  border-color: #9785F2;
  box-shadow: 0 0 0 2px #E8E5FF;
  outline: none;
}

.c11 {
  border: solid 1px;
  border-color: #DEE1E5;
  border-radius: 0.25rem;
  height: 36px;
  width: 100%;
  padding-right: 0.75rem;
  padding-left: 0.75rem;
  padding-top: 0rem;
  padding-bottom: 0rem;
  font-size: 0.875rem;
  color: #343C42;
}

.c11:focus {
  outline: none;
}

.c2 {
  color: #343C42;
  font-size: 0.75rem;
  font-weight: 600;
}

.c0 {
  height: -webkit-fit-content;
  height: -moz-fit-content;
  height: fit-content;
  width: 100%;
  -webkit-align-items: left;
  -webkit-box-align: left;
  -ms-flex-align: left;
  align-items: left;
  -webkit-box-pack: justify;
  -webkit-justify-content: space-between;
  -ms-flex-pack: justify;
  justify-content: space-between;
  display: grid;
  grid-template-areas: "label detail" "input input" "messages messages";
}

.c0 .c3 {
  display: -webkit-box;
  display: -webkit-flex;
  display: -ms-flexbox;
  display: flex;
  grid-area: input;
  -webkit-align-items: center;
  -webkit-box-align: center;
  -ms-flex-align: center;
  align-items: center;
}

.c0 .c12 {
  grid-area: messages;
}

.c0 > .c1 {
  grid-area: label;
  padding-bottom: 0.5rem;
}

.c0 .c14 {
  grid-area: detail;
  justify-self: end;
}

.c0 .c13 {
  margin-right: 0.5rem;
}

.c6 {
  -webkit-align-items: center;
  -webkit-box-align: center;
  -ms-flex-align: center;
  align-items: center;
  background-color: #FFFFFF;
}

.c6:hover {
  border-color: #C1C6CC;
}

.c6:focus-within {
  border-color: #9785F2;
  box-shadow: 0 0 0 2px #E8E5FF;
  outline: none;
}

.c6 .c10 {
  border: none;
  -webkit-appearance: none;
  -moz-appearance: none;
  appearance: none;
  background: transparent;
  box-shadow: none;
  -webkit-flex: 1;
  -ms-flex: 1;
  flex: 1;
  width: 100%;
  height: calc(36px - 6px);
}

.c6 .c10::-webkit-search-decoration,
.c6 .c10::-webkit-search-cancel-button,
.c6 .c10::-webkit-search-results-button,
.c6 .c10::-webkit-search-results-decoration {
  -webkit-appearance: none;
  -moz-appearance: none;
  appearance: none;
}

.c7 .c10 {
  cursor: default;
}

.c7 .c15::after {
  content: ' ';
  border-right: 1px solid #DEE1E5;
  height: 1.5rem;
  width: 0.5rem;
  pointer-events: none;
}

<div
  className="c0 "
>
  <label
    className="c1 c2"
    color="palette.charcoal700"
    fontSize="xsmall"
    fontWeight="semiBold"
    htmlFor="thumbs-up"
    id="thumbs-up-labeledby"
  >
    üëç
  </label>
  <div
    className="c3 "
  >
    <div
      aria-expanded={false}
      aria-haspopup="listbox"
      aria-owns="listbox-thumbs-up"
      className="c4 "
      display="flex"
      id="thumbs-up"
      name="thumbsUp"
      role="combobox"
      width="100%"
    >
      <div
        aria-invalid={false}
        className="c5 c6 c7"
        fontSize="small"
        onClick={[Function]}
        onMouseDown={[Function]}
        width="100%"
      >
        <span>
          <div
            className="c8 "
            color="palette.charcoal500"
            size={20}
          >
            <svg
              fill="currentColor"
              height="100%"
              viewBox="0 0 24 24"
              width="100%"
            >
              <title>
                Caret Down
              </title>
              <path
                d="M7.41 8.59L12 13.17l4.59-4.58L18 10l-6 6-6-6 1.41-1.41z"
                fill="currentColor"
              />
            </svg>
          </div>
        </span>
        <div
          className="c9 c10 c11"
          onClick={[Function]}
        >
          <input
            aria-autocomplete="both"
            aria-describedby="thumbs-up-describedby"
            autoComplete="off"
            id="listbox-thumbs-up"
            onBlur={[Function]}
            onChange={[Function]}
            onFocus={[Function]}
            onKeyDown={[Function]}
            readOnly={true}
            type="text"
            value=""
          />
        </div>
      </div>
    </div>
  </div>
  <div
    className="c12 "
    id="thumbs-up-describedby"
  />
</div>
`;

exports[`A FieldSelect with an error validation aligned to the right 1`] = `
.c4 {
  width: 100%;
  display: -webkit-box;
  display: -webkit-flex;
  display: -ms-flexbox;
  display: flex;
  margin-bottom: 0.5rem;
}

.c5 {
  border: solid 1px;
  border-color: #DEE1E5;
  border-radius: 0.25rem;
  width: 100%;
  padding-right: 0.25rem;
  padding-top: 2px;
  padding-bottom: 2px;
  font-size: 0.875rem;
  -webkit-flex-direction: row-reverse;
  -ms-flex-direction: row-reverse;
  flex-direction: row-reverse;
  display: -webkit-box;
  display: -webkit-flex;
  display: -ms-flexbox;
  display: flex;
}

.c9 {
  color: #707781;
  margin-right: 0.25rem;
  width: 20px;
  height: 20px;
  -webkit-align-items: center;
  -webkit-box-align: center;
  -ms-flex-align: center;
  align-items: center;
  display: -webkit-inline-box;
  display: -webkit-inline-flex;
  display: -ms-inline-flexbox;
  display: inline-flex;
}

.c8 {
  color: #CC1F36;
  margin-right: 0.25rem;
  width: 20px;
  height: 20px;
  -webkit-align-items: center;
  -webkit-box-align: center;
  -ms-flex-align: center;
  align-items: center;
  display: -webkit-inline-box;
  display: -webkit-inline-flex;
  display: -ms-inline-flexbox;
  display: inline-flex;
}

.c10 {
  -webkit-align-items: center;
  -webkit-box-align: center;
  -ms-flex-align: center;
  align-items: center;
  background-color: #FFFFFF;
  display: -webkit-inline-box;
  display: -webkit-inline-flex;
  display: -ms-inline-flexbox;
  display: inline-flex;
  height: 36px;
  -webkit-box-pack: space-evenly;
  -webkit-justify-content: space-evenly;
  -ms-flex-pack: space-evenly;
  justify-content: space-evenly;
}

.c10 input {
  border: none;
  background: transparent;
  -webkit-flex: 1;
  -ms-flex: 1;
  flex: 1;
  font-size: 0.875rem;
  height: 100%;
  width: 100%;
  outline: none;
  padding: 0;
}

.c10::-webkit-input-placeholder {
  color: #939BA5;
}

.c10::-moz-placeholder {
  color: #939BA5;
}

.c10:-ms-input-placeholder {
  color: #939BA5;
}

.c10::placeholder {
  color: #939BA5;
}

.c10:hover {
  border-color: #C1C6CC;
}

.c10:focus,
.c10:focus-within {
  border-color: #9785F2;
  box-shadow: 0 0 0 2px #E8E5FF;
  outline: none;
}

.c12 {
  border: solid 1px;
  border-color: #DEE1E5;
  border-radius: 0.25rem;
  height: 36px;
  width: 100%;
  padding-right: 0.75rem;
  padding-left: 0.75rem;
  padding-top: 0rem;
  padding-bottom: 0rem;
  font-size: 0.875rem;
  color: #343C42;
}

.c12:focus {
  outline: none;
}

.c2 {
  color: #343C42;
  font-size: 0.75rem;
  font-weight: 600;
}

.c15 {
  font-size: 0.75rem;
  color: #CC1F36;
}

.c0 {
  height: -webkit-fit-content;
  height: -moz-fit-content;
  height: fit-content;
  width: 100%;
  -webkit-align-items: left;
  -webkit-box-align: left;
  -ms-flex-align: left;
  align-items: left;
  -webkit-box-pack: justify;
  -webkit-justify-content: space-between;
  -ms-flex-pack: justify;
  justify-content: space-between;
  display: grid;
  grid-template-areas: "label detail" "input input" "messages messages";
}

.c0 .c3 {
  display: -webkit-box;
  display: -webkit-flex;
  display: -ms-flexbox;
  display: flex;
  grid-area: input;
  -webkit-align-items: center;
  -webkit-box-align: center;
  -ms-flex-align: center;
  align-items: center;
}

.c0 .c13 {
  grid-area: messages;
}

.c0 > .c1 {
  grid-area: label;
  padding-bottom: 0.5rem;
}

.c0 .c17 {
  grid-area: detail;
  justify-self: end;
}

.c0 .c14 {
  margin-right: 0.5rem;
}

.c16 .c11 {
  border: none;
  -webkit-appearance: none;
  -moz-appearance: none;
  appearance: none;
  background: transparent;
  box-shadow: none;
  -webkit-flex: 1;
  -ms-flex: 1;
  flex: 1;
  width: 100%;
  height: calc(36px - 6px);
}

.c16 .c11::-webkit-search-decoration,
.c16 .c11::-webkit-search-cancel-button,
.c16 .c11::-webkit-search-results-button,
.c16 .c11::-webkit-search-results-decoration {
  -webkit-appearance: none;
  -moz-appearance: none;
  appearance: none;
}

.c6 {
  -webkit-align-items: center;
  -webkit-box-align: center;
  -ms-flex-align: center;
  align-items: center;
  background-color: #FFFFFF;
  border-color: #ED3B53;
}

.c6:hover {
  border-color: #C1C6CC;
}

.c6:focus-within {
  border-color: #9785F2;
  box-shadow: 0 0 0 2px #E8E5FF;
  outline: none;
}

.c6:hover {
  border-color: #CC1F36;
}

.c6:focus,
.c6:focus-within {
  border-color: #CC1F36;
  box-shadow: 0 0 0 2px #FFE5E9;
}

.c6 .c11 {
  border: none;
  -webkit-appearance: none;
  -moz-appearance: none;
  appearance: none;
  background: transparent;
  box-shadow: none;
  -webkit-flex: 1;
  -ms-flex: 1;
  flex: 1;
  width: 100%;
  height: calc(36px - 6px);
}

.c6 .c11::-webkit-search-decoration,
.c6 .c11::-webkit-search-cancel-button,
.c6 .c11::-webkit-search-results-button,
.c6 .c11::-webkit-search-results-decoration {
  -webkit-appearance: none;
  -moz-appearance: none;
  appearance: none;
}

.c7 .c11 {
  cursor: default;
}

.c7 .c18::after {
  content: ' ';
  border-right: 1px solid #DEE1E5;
  height: 1.5rem;
  width: 0.5rem;
  pointer-events: none;
}

<div
  className="c0 "
>
  <label
    className="c1 c2"
    color="palette.charcoal700"
    fontSize="xsmall"
    fontWeight="semiBold"
    htmlFor="thumbs-up"
    id="thumbs-up-labeledby"
  >
    üëç
  </label>
  <div
    className="c3 "
  >
    <div
      aria-expanded={false}
      aria-haspopup="listbox"
      aria-owns="listbox-thumbs-up"
      className="c4 "
      display="flex"
      id="thumbs-up"
      name="thumbsUp"
      role="combobox"
      width="100%"
    >
      <div
        aria-invalid={true}
        className="c5 c6 c7"
        fontSize="small"
        onClick={[Function]}
        onMouseDown={[Function]}
        width="100%"
      >
        <span>
          <div
            className="c8 "
            color="palette.red500"
            size={20}
          >
            <svg
              fill="currentColor"
              height="100%"
              viewBox="0 0 22 19"
              width="100%"
            >
              <title>
                Warning
              </title>
              <path
                d="M0 19h22L11 0 0 19zm12-3h-2v-2h2v2zm0-4h-2V8h2v4z"
                fill="currentColor"
              />
            </svg>
          </div>
          <div
            className="c9 "
            color="palette.charcoal500"
            size={20}
          >
            <svg
              fill="currentColor"
              height="100%"
              viewBox="0 0 24 24"
              width="100%"
            >
              <title>
                Caret Down
              </title>
              <path
                d="M7.41 8.59L12 13.17l4.59-4.58L18 10l-6 6-6-6 1.41-1.41z"
                fill="currentColor"
              />
            </svg>
          </div>
        </span>
        <div
          className="c10 c11 c12"
          onClick={[Function]}
        >
          <input
            aria-autocomplete="both"
            aria-describedby="thumbs-up-describedby"
            autoComplete="off"
            id="listbox-thumbs-up"
            onBlur={[Function]}
            onChange={[Function]}
            onFocus={[Function]}
            onKeyDown={[Function]}
            readOnly={true}
            type="text"
            value=""
          />
        </div>
      </div>
    </div>
  </div>
  <div
    className="c13 "
    id="thumbs-up-describedby"
  >
    <div
      className="c14 c15"
    >
      This is an error
    </div>
  </div>
</div>
`;

exports[`A required FieldSelect 1`] = `
.c6 {
  width: 100%;
  display: -webkit-box;
  display: -webkit-flex;
  display: -ms-flexbox;
  display: flex;
  margin-bottom: 0.5rem;
}

.c7 {
  border: solid 1px;
  border-color: #DEE1E5;
  border-radius: 0.25rem;
  width: 100%;
  padding-right: 0.25rem;
  padding-top: 2px;
  padding-bottom: 2px;
  font-size: 0.875rem;
  -webkit-flex-direction: row-reverse;
  -ms-flex-direction: row-reverse;
  flex-direction: row-reverse;
  display: -webkit-box;
  display: -webkit-flex;
  display: -ms-flexbox;
  display: flex;
}

.c10 {
  color: #707781;
  margin-right: 0.25rem;
  width: 20px;
  height: 20px;
  -webkit-align-items: center;
  -webkit-box-align: center;
  -ms-flex-align: center;
  align-items: center;
  display: -webkit-inline-box;
  display: -webkit-inline-flex;
  display: -ms-inline-flexbox;
  display: inline-flex;
}

.c11 {
  -webkit-align-items: center;
  -webkit-box-align: center;
  -ms-flex-align: center;
  align-items: center;
  background-color: #FFFFFF;
  display: -webkit-inline-box;
  display: -webkit-inline-flex;
  display: -ms-inline-flexbox;
  display: inline-flex;
  height: 36px;
  -webkit-box-pack: space-evenly;
  -webkit-justify-content: space-evenly;
  -ms-flex-pack: space-evenly;
  justify-content: space-evenly;
}

.c11 input {
  border: none;
  background: transparent;
  -webkit-flex: 1;
  -ms-flex: 1;
  flex: 1;
  font-size: 0.875rem;
  height: 100%;
  width: 100%;
  outline: none;
  padding: 0;
}

.c11::-webkit-input-placeholder {
  color: #939BA5;
}

.c11::-moz-placeholder {
  color: #939BA5;
}

.c11:-ms-input-placeholder {
  color: #939BA5;
}

.c11::placeholder {
  color: #939BA5;
}

.c11:hover {
  border-color: #C1C6CC;
}

.c11:focus,
.c11:focus-within {
  border-color: #9785F2;
  box-shadow: 0 0 0 2px #E8E5FF;
  outline: none;
}

.c13 {
  border: solid 1px;
  border-color: #DEE1E5;
  border-radius: 0.25rem;
  height: 36px;
  width: 100%;
  padding-right: 0.75rem;
  padding-left: 0.75rem;
  padding-top: 0rem;
  padding-bottom: 0rem;
  font-size: 0.875rem;
  color: #343C42;
}

.c13:focus {
  outline: none;
}

.c2 {
  color: #343C42;
  font-size: 0.75rem;
  font-weight: 600;
}

.c4 {
  position: absolute;
  height: 1px;
  width: 1px;
  overflow: hidden;
  -webkit-clip: rect(1px,1px,1px,1px);
  clip: rect(1px,1px,1px,1px);
}

.c3::before {
  content: ' *';
  color: #CC1F36;
}

.c0 {
  height: -webkit-fit-content;
  height: -moz-fit-content;
  height: fit-content;
  width: 100%;
  -webkit-align-items: left;
  -webkit-box-align: left;
  -ms-flex-align: left;
  align-items: left;
  -webkit-box-pack: justify;
  -webkit-justify-content: space-between;
  -ms-flex-pack: justify;
  justify-content: space-between;
  display: grid;
  grid-template-areas: "label detail" "input input" "messages messages";
}

.c0 .c5 {
  display: -webkit-box;
  display: -webkit-flex;
  display: -ms-flexbox;
  display: flex;
  grid-area: input;
  -webkit-align-items: center;
  -webkit-box-align: center;
  -ms-flex-align: center;
  align-items: center;
}

.c0 .c14 {
  grid-area: messages;
}

.c0 > .c1 {
  grid-area: label;
  padding-bottom: 0.5rem;
}

.c0 .c16 {
  grid-area: detail;
  justify-self: end;
}

.c0 .c15 {
  margin-right: 0.5rem;
}

.c8 {
  -webkit-align-items: center;
  -webkit-box-align: center;
  -ms-flex-align: center;
  align-items: center;
  background-color: #FFFFFF;
}

.c8:hover {
  border-color: #C1C6CC;
}

.c8:focus-within {
  border-color: #9785F2;
  box-shadow: 0 0 0 2px #E8E5FF;
  outline: none;
}

.c8 .c12 {
  border: none;
  -webkit-appearance: none;
  -moz-appearance: none;
  appearance: none;
  background: transparent;
  box-shadow: none;
  -webkit-flex: 1;
  -ms-flex: 1;
  flex: 1;
  width: 100%;
  height: calc(36px - 6px);
}

.c8 .c12::-webkit-search-decoration,
.c8 .c12::-webkit-search-cancel-button,
.c8 .c12::-webkit-search-results-button,
.c8 .c12::-webkit-search-results-decoration {
  -webkit-appearance: none;
  -moz-appearance: none;
  appearance: none;
}

.c9 .c12 {
  cursor: default;
}

.c9 .c17::after {
  content: ' ';
  border-right: 1px solid #DEE1E5;
  height: 1.5rem;
  width: 0.5rem;
  pointer-events: none;
}

<div
  className="c0 "
>
  <label
    className="c1 c2"
    color="palette.charcoal700"
    fontSize="xsmall"
    fontWeight="semiBold"
    htmlFor="thumbs-up"
    id="thumbs-up-labeledby"
  >
    üëç
    <span
      aria-hidden="true"
      className="c3"
    >
      <div
        className="c4"
      >
         required
      </div>
    </span>
  </label>
  <div
    className="c5 "
  >
    <div
      aria-expanded={false}
      aria-haspopup="listbox"
      aria-owns="listbox-thumbs-up"
      className="c6 "
      display="flex"
      id="thumbs-up"
      name="thumbsUp"
      required={true}
      role="combobox"
      width="100%"
    >
      <div
        aria-invalid={false}
        className="c7 c8 c9"
        fontSize="small"
        onClick={[Function]}
        onMouseDown={[Function]}
        width="100%"
      >
        <span>
          <div
            className="c10 "
            color="palette.charcoal500"
            size={20}
          >
            <svg
              fill="currentColor"
              height="100%"
              viewBox="0 0 24 24"
              width="100%"
            >
              <title>
                Caret Down
              </title>
              <path
                d="M7.41 8.59L12 13.17l4.59-4.58L18 10l-6 6-6-6 1.41-1.41z"
                fill="currentColor"
              />
            </svg>
          </div>
        </span>
        <div
          className="c11 c12 c13"
          onClick={[Function]}
        >
          <input
            aria-autocomplete="both"
            aria-describedby="thumbs-up-describedby"
            autoComplete="off"
            id="listbox-thumbs-up"
            onBlur={[Function]}
            onChange={[Function]}
            onFocus={[Function]}
            onKeyDown={[Function]}
            readOnly={true}
            type="text"
            value=""
          />
        </div>
      </div>
    </div>
  </div>
  <div
    className="c14 "
    id="thumbs-up-describedby"
  />
</div>
`;

exports[`FieldSelect supports labelWeight 1`] = `
.c4 {
  width: 100%;
  display: -webkit-box;
  display: -webkit-flex;
  display: -ms-flexbox;
  display: flex;
  margin-bottom: 0.5rem;
}

.c5 {
  border: solid 1px;
  border-color: #DEE1E5;
  border-radius: 0.25rem;
  width: 100%;
  padding-right: 0.25rem;
  padding-top: 2px;
  padding-bottom: 2px;
  font-size: 0.875rem;
  -webkit-flex-direction: row-reverse;
  -ms-flex-direction: row-reverse;
  flex-direction: row-reverse;
  display: -webkit-box;
  display: -webkit-flex;
  display: -ms-flexbox;
  display: flex;
}

.c8 {
  color: #707781;
  margin-right: 0.25rem;
  width: 20px;
  height: 20px;
  -webkit-align-items: center;
  -webkit-box-align: center;
  -ms-flex-align: center;
  align-items: center;
  display: -webkit-inline-box;
  display: -webkit-inline-flex;
  display: -ms-inline-flexbox;
  display: inline-flex;
}

.c9 {
  -webkit-align-items: center;
  -webkit-box-align: center;
  -ms-flex-align: center;
  align-items: center;
  background-color: #FFFFFF;
  display: -webkit-inline-box;
  display: -webkit-inline-flex;
  display: -ms-inline-flexbox;
  display: inline-flex;
  height: 36px;
  -webkit-box-pack: space-evenly;
  -webkit-justify-content: space-evenly;
  -ms-flex-pack: space-evenly;
  justify-content: space-evenly;
}

.c9 input {
  border: none;
  background: transparent;
  -webkit-flex: 1;
  -ms-flex: 1;
  flex: 1;
  font-size: 0.875rem;
  height: 100%;
  width: 100%;
  outline: none;
  padding: 0;
}

.c9::-webkit-input-placeholder {
  color: #939BA5;
}

.c9::-moz-placeholder {
  color: #939BA5;
}

.c9:-ms-input-placeholder {
  color: #939BA5;
}

.c9::placeholder {
  color: #939BA5;
}

.c9:hover {
  border-color: #C1C6CC;
}

.c9:focus,
.c9:focus-within {
  border-color: #9785F2;
  box-shadow: 0 0 0 2px #E8E5FF;
  outline: none;
}

.c11 {
  border: solid 1px;
  border-color: #DEE1E5;
  border-radius: 0.25rem;
  height: 36px;
  width: 100%;
  padding-right: 0.75rem;
  padding-left: 0.75rem;
  padding-top: 0rem;
  padding-bottom: 0rem;
  font-size: 0.875rem;
  color: #343C42;
}

.c11:focus {
  outline: none;
}

.c2 {
  color: #343C42;
  font-size: 0.75rem;
  font-weight: 400;
}

.c0 {
  height: -webkit-fit-content;
  height: -moz-fit-content;
  height: fit-content;
  width: 100%;
  -webkit-align-items: left;
  -webkit-box-align: left;
  -ms-flex-align: left;
  align-items: left;
  -webkit-box-pack: justify;
  -webkit-justify-content: space-between;
  -ms-flex-pack: justify;
  justify-content: space-between;
  display: grid;
  grid-template-areas: "label detail" "input input" "messages messages";
}

.c0 .c3 {
  display: -webkit-box;
  display: -webkit-flex;
  display: -ms-flexbox;
  display: flex;
  grid-area: input;
  -webkit-align-items: center;
  -webkit-box-align: center;
  -ms-flex-align: center;
  align-items: center;
}

.c0 .c12 {
  grid-area: messages;
}

.c0 > .c1 {
  grid-area: label;
  padding-bottom: 0.5rem;
}

.c0 .c14 {
  grid-area: detail;
  justify-self: end;
}

.c0 .c13 {
  margin-right: 0.5rem;
}

.c6 {
  -webkit-align-items: center;
  -webkit-box-align: center;
  -ms-flex-align: center;
  align-items: center;
  background-color: #FFFFFF;
}

.c6:hover {
  border-color: #C1C6CC;
}

.c6:focus-within {
  border-color: #9785F2;
  box-shadow: 0 0 0 2px #E8E5FF;
  outline: none;
}

.c6 .c10 {
  border: none;
  -webkit-appearance: none;
  -moz-appearance: none;
  appearance: none;
  background: transparent;
  box-shadow: none;
  -webkit-flex: 1;
  -ms-flex: 1;
  flex: 1;
  width: 100%;
  height: calc(36px - 6px);
}

.c6 .c10::-webkit-search-decoration,
.c6 .c10::-webkit-search-cancel-button,
.c6 .c10::-webkit-search-results-button,
.c6 .c10::-webkit-search-results-decoration {
  -webkit-appearance: none;
  -moz-appearance: none;
  appearance: none;
}

.c7 .c10 {
  cursor: default;
}

.c7 .c15::after {
  content: ' ';
  border-right: 1px solid #DEE1E5;
  height: 1.5rem;
  width: 0.5rem;
  pointer-events: none;
}

<div
  className="c0 "
>
  <label
    className="c1 c2"
    color="palette.charcoal700"
    fontSize="xsmall"
    fontWeight="normal"
    htmlFor="thumbs-up"
    id="thumbs-up-labeledby"
  >
    üëç
  </label>
  <div
    className="c3 "
  >
    <div
      aria-expanded={false}
      aria-haspopup="listbox"
      aria-owns="listbox-thumbs-up"
      className="c4 "
      display="flex"
      id="thumbs-up"
      name="thumbsUp"
      role="combobox"
      width="100%"
    >
      <div
        aria-invalid={false}
        className="c5 c6 c7"
        fontSize="small"
        onClick={[Function]}
        onMouseDown={[Function]}
        width="100%"
      >
        <span>
          <div
            className="c8 "
            color="palette.charcoal500"
            size={20}
          >
            <svg
              fill="currentColor"
              height="100%"
              viewBox="0 0 24 24"
              width="100%"
            >
              <title>
                Caret Down
              </title>
              <path
                d="M7.41 8.59L12 13.17l4.59-4.58L18 10l-6 6-6-6 1.41-1.41z"
                fill="currentColor"
              />
            </svg>
          </div>
        </span>
        <div
          className="c9 c10 c11"
          onClick={[Function]}
        >
          <input
            aria-autocomplete="both"
            aria-describedby="thumbs-up-describedby"
            autoComplete="off"
            id="listbox-thumbs-up"
            onBlur={[Function]}
            onChange={[Function]}
            onFocus={[Function]}
            onKeyDown={[Function]}
            readOnly={true}
            type="text"
            value=""
          />
        </div>
      </div>
    </div>
  </div>
  <div
    className="c12 "
    id="thumbs-up-describedby"
  />
</div>
`;
